// Jest Snapshot v1, https://goo.gl/fbAQLP

exports[`<UserInfo /> renders  <UserInfo /> components 1`] = `
ShallowWrapper {
  Symbol(enzyme.__root__): [Circular],
  Symbol(enzyme.__unrendered__): <UserInfo
    onPublish={[Function]}
    publishing={true}
    save={true}
    user={
        Object {
            "user": Object {
              "username": "test user",
            },
          }
    }
/>,
  Symbol(enzyme.__renderer__): Object {
    "batchedUpdates": [Function],
    "getNode": [Function],
    "render": [Function],
    "simulateError": [Function],
    "simulateEvent": [Function],
    "unmount": [Function],
  },
  Symbol(enzyme.__node__): Object {
    "instance": null,
    "key": undefined,
    "nodeType": "host",
    "props": Object {
      "children": Array [
        <div
          className="col s6 m1"
>
          <img
                    alt={undefined}
                    className="responsive-img circle"
                    src={undefined}
          />
</div>,
        <div
          className="col s12 m9"
>
          <p
                    className="m-t--15"
          />
</div>,
        <div
          className="col s6 m1"
>
          <div>
                    <p
                              className="grey-text p-t--10"
                    >
                              Saving...
                    </p>
          </div>
</div>,
        <div
          className="col s6 m1"
>
          <div>
                    <button
                              className="dropdown-trigger btn-dropdown"
                              data-target="publish"
                              type="button"
                    >
                              Publishing...
                    </button>
                    <div
                              className="publish dropdown-content card"
                              id="publish"
                    >
                              <h6>
                                        Ready to publish your awesome article?
                              </h6>
                              <p
                                        className="p-t--15"
                              >
                                        Add tags to make it easier for readers to find your article
                              </p>
                              <div
                                        className="chips chips-placeholder"
                              />
                              <div
                                        className="divider"
                              />
                              <p
                                        className="p-t--15 p-b--25"
                              >
                                        Tip: add a high resolution image to your story to capture people’s interest
                              </p>
                              <button
                                        className="waves-effect waves-light btn-flat btn-flat--primary right"
                                        disabled={true}
                                        onClick={[Function]}
                                        type="submit"
                              >
                                        Publishing...
                              </button>
                    </div>
          </div>
</div>,
      ],
      "className": "row p-t--20 p-b--20",
    },
    "ref": null,
    "rendered": Array [
      Object {
        "instance": null,
        "key": undefined,
        "nodeType": "host",
        "props": Object {
          "children": <img
            alt={undefined}
            className="responsive-img circle"
            src={undefined}
/>,
          "className": "col s6 m1",
        },
        "ref": null,
        "rendered": Object {
          "instance": null,
          "key": undefined,
          "nodeType": "host",
          "props": Object {
            "alt": undefined,
            "className": "responsive-img circle",
            "src": undefined,
          },
          "ref": null,
          "rendered": null,
          "type": "img",
        },
        "type": "div",
      },
      Object {
        "instance": null,
        "key": undefined,
        "nodeType": "host",
        "props": Object {
          "children": Array [
            <p
              className="m-t--15"
/>,
            undefined,
          ],
          "className": "col s12 m9",
        },
        "ref": null,
        "rendered": Array [
          Object {
            "instance": null,
            "key": undefined,
            "nodeType": "host",
            "props": Object {
              "children": undefined,
              "className": "m-t--15",
            },
            "ref": null,
            "rendered": null,
            "type": "p",
          },
          undefined,
        ],
        "type": "div",
      },
      Object {
        "instance": null,
        "key": undefined,
        "nodeType": "host",
        "props": Object {
          "children": <div>
            <p
                        className="grey-text p-t--10"
            >
                        Saving...
            </p>
</div>,
          "className": "col s6 m1",
        },
        "ref": null,
        "rendered": Object {
          "instance": null,
          "key": undefined,
          "nodeType": "host",
          "props": Object {
            "children": <p
              className="grey-text p-t--10"
>
              Saving...
</p>,
          },
          "ref": null,
          "rendered": Object {
            "instance": null,
            "key": undefined,
            "nodeType": "host",
            "props": Object {
              "children": "Saving...",
              "className": "grey-text p-t--10",
            },
            "ref": null,
            "rendered": "Saving...",
            "type": "p",
          },
          "type": "div",
        },
        "type": "div",
      },
      Object {
        "instance": null,
        "key": undefined,
        "nodeType": "host",
        "props": Object {
          "children": <div>
            <button
                        className="dropdown-trigger btn-dropdown"
                        data-target="publish"
                        type="button"
            >
                        Publishing...
            </button>
            <div
                        className="publish dropdown-content card"
                        id="publish"
            >
                        <h6>
                                    Ready to publish your awesome article?
                        </h6>
                        <p
                                    className="p-t--15"
                        >
                                    Add tags to make it easier for readers to find your article
                        </p>
                        <div
                                    className="chips chips-placeholder"
                        />
                        <div
                                    className="divider"
                        />
                        <p
                                    className="p-t--15 p-b--25"
                        >
                                    Tip: add a high resolution image to your story to capture people’s interest
                        </p>
                        <button
                                    className="waves-effect waves-light btn-flat btn-flat--primary right"
                                    disabled={true}
                                    onClick={[Function]}
                                    type="submit"
                        >
                                    Publishing...
                        </button>
            </div>
</div>,
          "className": "col s6 m1",
        },
        "ref": null,
        "rendered": Object {
          "instance": null,
          "key": undefined,
          "nodeType": "host",
          "props": Object {
            "children": Array [
              <button
                className="dropdown-trigger btn-dropdown"
                data-target="publish"
                type="button"
>
                Publishing...
</button>,
              <div
                className="publish dropdown-content card"
                id="publish"
>
                <h6>
                                Ready to publish your awesome article?
                </h6>
                <p
                                className="p-t--15"
                >
                                Add tags to make it easier for readers to find your article
                </p>
                <div
                                className="chips chips-placeholder"
                />
                <div
                                className="divider"
                />
                <p
                                className="p-t--15 p-b--25"
                >
                                Tip: add a high resolution image to your story to capture people’s interest
                </p>
                <button
                                className="waves-effect waves-light btn-flat btn-flat--primary right"
                                disabled={true}
                                onClick={[Function]}
                                type="submit"
                >
                                Publishing...
                </button>
</div>,
            ],
          },
          "ref": null,
          "rendered": Array [
            Object {
              "instance": null,
              "key": undefined,
              "nodeType": "host",
              "props": Object {
                "children": "Publishing...",
                "className": "dropdown-trigger btn-dropdown",
                "data-target": "publish",
                "type": "button",
              },
              "ref": null,
              "rendered": "Publishing...",
              "type": "button",
            },
            Object {
              "instance": null,
              "key": undefined,
              "nodeType": "host",
              "props": Object {
                "children": Array [
                  <h6>
                    Ready to publish your awesome article?
</h6>,
                  <p
                    className="p-t--15"
>
                    Add tags to make it easier for readers to find your article
</p>,
                  <div
                    className="chips chips-placeholder"
/>,
                  <div
                    className="divider"
/>,
                  <p
                    className="p-t--15 p-b--25"
>
                    Tip: add a high resolution image to your story to capture people’s interest
</p>,
                  <button
                    className="waves-effect waves-light btn-flat btn-flat--primary right"
                    disabled={true}
                    onClick={[Function]}
                    type="submit"
>
                    Publishing...
</button>,
                ],
                "className": "publish dropdown-content card",
                "id": "publish",
              },
              "ref": null,
              "rendered": Array [
                Object {
                  "instance": null,
                  "key": undefined,
                  "nodeType": "host",
                  "props": Object {
                    "children": "Ready to publish your awesome article?",
                  },
                  "ref": null,
                  "rendered": "Ready to publish your awesome article?",
                  "type": "h6",
                },
                Object {
                  "instance": null,
                  "key": undefined,
                  "nodeType": "host",
                  "props": Object {
                    "children": "Add tags to make it easier for readers to find your article",
                    "className": "p-t--15",
                  },
                  "ref": null,
                  "rendered": "Add tags to make it easier for readers to find your article",
                  "type": "p",
                },
                Object {
                  "instance": null,
                  "key": undefined,
                  "nodeType": "host",
                  "props": Object {
                    "className": "chips chips-placeholder",
                  },
                  "ref": null,
                  "rendered": null,
                  "type": "div",
                },
                Object {
                  "instance": null,
                  "key": undefined,
                  "nodeType": "host",
                  "props": Object {
                    "className": "divider",
                  },
                  "ref": null,
                  "rendered": null,
                  "type": "div",
                },
                Object {
                  "instance": null,
                  "key": undefined,
                  "nodeType": "host",
                  "props": Object {
                    "children": "Tip: add a high resolution image to your story to capture people’s interest",
                    "className": "p-t--15 p-b--25",
                  },
                  "ref": null,
                  "rendered": "Tip: add a high resolution image to your story to capture people’s interest",
                  "type": "p",
                },
                Object {
                  "instance": null,
                  "key": undefined,
                  "nodeType": "host",
                  "props": Object {
                    "children": "Publishing...",
                    "className": "waves-effect waves-light btn-flat btn-flat--primary right",
                    "disabled": true,
                    "onClick": [Function],
                    "type": "submit",
                  },
                  "ref": null,
                  "rendered": "Publishing...",
                  "type": "button",
                },
              ],
              "type": "div",
            },
          ],
          "type": "div",
        },
        "type": "div",
      },
    ],
    "type": "div",
  },
  Symbol(enzyme.__nodes__): Array [
    Object {
      "instance": null,
      "key": undefined,
      "nodeType": "host",
      "props": Object {
        "children": Array [
          <div
            className="col s6 m1"
>
            <img
                        alt={undefined}
                        className="responsive-img circle"
                        src={undefined}
            />
</div>,
          <div
            className="col s12 m9"
>
            <p
                        className="m-t--15"
            />
</div>,
          <div
            className="col s6 m1"
>
            <div>
                        <p
                                    className="grey-text p-t--10"
                        >
                                    Saving...
                        </p>
            </div>
</div>,
          <div
            className="col s6 m1"
>
            <div>
                        <button
                                    className="dropdown-trigger btn-dropdown"
                                    data-target="publish"
                                    type="button"
                        >
                                    Publishing...
                        </button>
                        <div
                                    className="publish dropdown-content card"
                                    id="publish"
                        >
                                    <h6>
                                                Ready to publish your awesome article?
                                    </h6>
                                    <p
                                                className="p-t--15"
                                    >
                                                Add tags to make it easier for readers to find your article
                                    </p>
                                    <div
                                                className="chips chips-placeholder"
                                    />
                                    <div
                                                className="divider"
                                    />
                                    <p
                                                className="p-t--15 p-b--25"
                                    >
                                                Tip: add a high resolution image to your story to capture people’s interest
                                    </p>
                                    <button
                                                className="waves-effect waves-light btn-flat btn-flat--primary right"
                                                disabled={true}
                                                onClick={[Function]}
                                                type="submit"
                                    >
                                                Publishing...
                                    </button>
                        </div>
            </div>
</div>,
        ],
        "className": "row p-t--20 p-b--20",
      },
      "ref": null,
      "rendered": Array [
        Object {
          "instance": null,
          "key": undefined,
          "nodeType": "host",
          "props": Object {
            "children": <img
              alt={undefined}
              className="responsive-img circle"
              src={undefined}
/>,
            "className": "col s6 m1",
          },
          "ref": null,
          "rendered": Object {
            "instance": null,
            "key": undefined,
            "nodeType": "host",
            "props": Object {
              "alt": undefined,
              "className": "responsive-img circle",
              "src": undefined,
            },
            "ref": null,
            "rendered": null,
            "type": "img",
          },
          "type": "div",
        },
        Object {
          "instance": null,
          "key": undefined,
          "nodeType": "host",
          "props": Object {
            "children": Array [
              <p
                className="m-t--15"
/>,
              undefined,
            ],
            "className": "col s12 m9",
          },
          "ref": null,
          "rendered": Array [
            Object {
              "instance": null,
              "key": undefined,
              "nodeType": "host",
              "props": Object {
                "children": undefined,
                "className": "m-t--15",
              },
              "ref": null,
              "rendered": null,
              "type": "p",
            },
            undefined,
          ],
          "type": "div",
        },
        Object {
          "instance": null,
          "key": undefined,
          "nodeType": "host",
          "props": Object {
            "children": <div>
              <p
                            className="grey-text p-t--10"
              >
                            Saving...
              </p>
</div>,
            "className": "col s6 m1",
          },
          "ref": null,
          "rendered": Object {
            "instance": null,
            "key": undefined,
            "nodeType": "host",
            "props": Object {
              "children": <p
                className="grey-text p-t--10"
>
                Saving...
</p>,
            },
            "ref": null,
            "rendered": Object {
              "instance": null,
              "key": undefined,
              "nodeType": "host",
              "props": Object {
                "children": "Saving...",
                "className": "grey-text p-t--10",
              },
              "ref": null,
              "rendered": "Saving...",
              "type": "p",
            },
            "type": "div",
          },
          "type": "div",
        },
        Object {
          "instance": null,
          "key": undefined,
          "nodeType": "host",
          "props": Object {
            "children": <div>
              <button
                            className="dropdown-trigger btn-dropdown"
                            data-target="publish"
                            type="button"
              >
                            Publishing...
              </button>
              <div
                            className="publish dropdown-content card"
                            id="publish"
              >
                            <h6>
                                          Ready to publish your awesome article?
                            </h6>
                            <p
                                          className="p-t--15"
                            >
                                          Add tags to make it easier for readers to find your article
                            </p>
                            <div
                                          className="chips chips-placeholder"
                            />
                            <div
                                          className="divider"
                            />
                            <p
                                          className="p-t--15 p-b--25"
                            >
                                          Tip: add a high resolution image to your story to capture people’s interest
                            </p>
                            <button
                                          className="waves-effect waves-light btn-flat btn-flat--primary right"
                                          disabled={true}
                                          onClick={[Function]}
                                          type="submit"
                            >
                                          Publishing...
                            </button>
              </div>
</div>,
            "className": "col s6 m1",
          },
          "ref": null,
          "rendered": Object {
            "instance": null,
            "key": undefined,
            "nodeType": "host",
            "props": Object {
              "children": Array [
                <button
                  className="dropdown-trigger btn-dropdown"
                  data-target="publish"
                  type="button"
>
                  Publishing...
</button>,
                <div
                  className="publish dropdown-content card"
                  id="publish"
>
                  <h6>
                                    Ready to publish your awesome article?
                  </h6>
                  <p
                                    className="p-t--15"
                  >
                                    Add tags to make it easier for readers to find your article
                  </p>
                  <div
                                    className="chips chips-placeholder"
                  />
                  <div
                                    className="divider"
                  />
                  <p
                                    className="p-t--15 p-b--25"
                  >
                                    Tip: add a high resolution image to your story to capture people’s interest
                  </p>
                  <button
                                    className="waves-effect waves-light btn-flat btn-flat--primary right"
                                    disabled={true}
                                    onClick={[Function]}
                                    type="submit"
                  >
                                    Publishing...
                  </button>
</div>,
              ],
            },
            "ref": null,
            "rendered": Array [
              Object {
                "instance": null,
                "key": undefined,
                "nodeType": "host",
                "props": Object {
                  "children": "Publishing...",
                  "className": "dropdown-trigger btn-dropdown",
                  "data-target": "publish",
                  "type": "button",
                },
                "ref": null,
                "rendered": "Publishing...",
                "type": "button",
              },
              Object {
                "instance": null,
                "key": undefined,
                "nodeType": "host",
                "props": Object {
                  "children": Array [
                    <h6>
                      Ready to publish your awesome article?
</h6>,
                    <p
                      className="p-t--15"
>
                      Add tags to make it easier for readers to find your article
</p>,
                    <div
                      className="chips chips-placeholder"
/>,
                    <div
                      className="divider"
/>,
                    <p
                      className="p-t--15 p-b--25"
>
                      Tip: add a high resolution image to your story to capture people’s interest
</p>,
                    <button
                      className="waves-effect waves-light btn-flat btn-flat--primary right"
                      disabled={true}
                      onClick={[Function]}
                      type="submit"
>
                      Publishing...
</button>,
                  ],
                  "className": "publish dropdown-content card",
                  "id": "publish",
                },
                "ref": null,
                "rendered": Array [
                  Object {
                    "instance": null,
                    "key": undefined,
                    "nodeType": "host",
                    "props": Object {
                      "children": "Ready to publish your awesome article?",
                    },
                    "ref": null,
                    "rendered": "Ready to publish your awesome article?",
                    "type": "h6",
                  },
                  Object {
                    "instance": null,
                    "key": undefined,
                    "nodeType": "host",
                    "props": Object {
                      "children": "Add tags to make it easier for readers to find your article",
                      "className": "p-t--15",
                    },
                    "ref": null,
                    "rendered": "Add tags to make it easier for readers to find your article",
                    "type": "p",
                  },
                  Object {
                    "instance": null,
                    "key": undefined,
                    "nodeType": "host",
                    "props": Object {
                      "className": "chips chips-placeholder",
                    },
                    "ref": null,
                    "rendered": null,
                    "type": "div",
                  },
                  Object {
                    "instance": null,
                    "key": undefined,
                    "nodeType": "host",
                    "props": Object {
                      "className": "divider",
                    },
                    "ref": null,
                    "rendered": null,
                    "type": "div",
                  },
                  Object {
                    "instance": null,
                    "key": undefined,
                    "nodeType": "host",
                    "props": Object {
                      "children": "Tip: add a high resolution image to your story to capture people’s interest",
                      "className": "p-t--15 p-b--25",
                    },
                    "ref": null,
                    "rendered": "Tip: add a high resolution image to your story to capture people’s interest",
                    "type": "p",
                  },
                  Object {
                    "instance": null,
                    "key": undefined,
                    "nodeType": "host",
                    "props": Object {
                      "children": "Publishing...",
                      "className": "waves-effect waves-light btn-flat btn-flat--primary right",
                      "disabled": true,
                      "onClick": [Function],
                      "type": "submit",
                    },
                    "ref": null,
                    "rendered": "Publishing...",
                    "type": "button",
                  },
                ],
                "type": "div",
              },
            ],
            "type": "div",
          },
          "type": "div",
        },
      ],
      "type": "div",
    },
  ],
  Symbol(enzyme.__options__): Object {
    "adapter": ReactSixteenAdapter {
      "options": Object {
        "enableComponentDidUpdateOnSetState": true,
        "lifecycles": Object {
          "componentDidUpdate": Object {
            "onSetState": true,
          },
          "getDerivedStateFromProps": true,
          "getSnapshotBeforeUpdate": true,
          "setState": Object {
            "skipsComponentDidUpdateOnNullish": true,
          },
        },
      },
    },
    "attachTo": undefined,
    "hydrateIn": undefined,
  },
}
`;
